
> community-connect@0.1.0 test
> react-scripts test --coverage

FAIL src/App.test.tsx
  ✕ renders learn react link (63 ms)

  ● renders learn react link

    TestingLibraryElementError: Unable to find an element with the text: /learn react/i. This could be because the text is broken up by multiple elements. In this case, you can provide a function for your text matcher to make your matcher more flexible.

    Ignored nodes: comments, script, style
    [36m<body>[39m
      [36m<div>[39m
        [36m<header>[39m
          [36m<div[39m
            [33mclass[39m=[32m"App-header"[39m
          [36m>[39m
            [36m<img[39m
              [33malt[39m=[32m"App Logo"[39m
              [33msrc[39m=[32m"Background.jpg"[39m
              [33mstyle[39m=[32m"position: relative; width: 50%;"[39m
            [36m/>[39m
          [36m</div>[39m
        [36m</header>[39m
        [36m<div[39m
          [33mclass[39m=[32m"App"[39m
        [36m>[39m
          [36m<div[39m
            [33mclass[39m=[32m"list-container"[39m
          [36m>[39m
            [36m<ol>[39m
              [36m<h4>[39m
                [0mWe will ask a few questions to ensure your trip is personalized to your preferences[0m
              [36m</h4>[39m
              [36m<br />[39m
              [36m<div>[39m
                [36m<li>[39m
                  [36m<label[39m
                    [33mclass[39m=[32m"form-label"[39m
                    [33mfor[39m=[32m"placeVisiting"[39m
                  [36m>[39m
                    [0mWhere are you visiting?[0m
                  [36m</label>[39m
                  [36m<input[39m
                    [33mclass[39m=[32m"form-control"[39m
                    [33mid[39m=[32m"placeVisiting"[39m
                    [33mvalue[39m=[32m""[39m
                  [36m/>[39m
                [36m</li>[39m
              [36m</div>[39m
              [36m<br />[39m
              [36m<div>[39m
                [36m<li>[39m
                  [36m<label[39m
                    [33mclass[39m=[32m"form-label"[39m
                    [33mfor[39m=[32m"reasonForTrip"[39m
                  [36m>[39m
                    [0mWhat language(s) do you speak?[0m
                  [36m</label>[39m
                  [36m<input[39m
                    [33mclass[39m=[32m"form-control"[39m
                    [33mid[39m=[32m"reasonForTrip"[39m
                    [33mvalue[39m=[32m""[39m
                  [36m/>[39m
                [36m</li>[39m
              [36m</div>[39m
              [36m<br />[39m
              [36m<div>[39m
                [36m<li>[39m
                  [36m<label[39m
                    [33mclass[39m=[32m"form-label"[39m
                    [33mfor[39m=[32m"ageOfUser"[39m
                  [36m>[39m
                    [0mCould you please share how old you are?[0m
                  [36m</label>[39m
                  [36m<input[39m
                    [33mclass[39m=[32m"form-control"[39m
                    [33mid[39m=[32m"ageOfUser"[39m
                    [33mtype[39m=[32m"number"[39m
                    [33mvalue[39m=[32m""[39m
                  [36m/>[39m
                [36m</li>[39m
              [36m</div>[39m
              [36m<br />[39m
              [36m<div>[39m
                [36m<li>[39m
                  [36m<label[39m
                    [33mclass[39m=[32m"form-label"[39m
                    [33mfor[39m=[32m"homeCountry/Location"[39m
                  [36m>[39m
                    [0mWhere are you from?[0m
                  [36m</label>[39m
                  [36m<input[39m
                    [33mclass[39m=[32m"form-control"[39m
                    [33mid[39m=[32m"homeCountry/Location"[39m
                    [33mvalue[39m=[32m""[39m
                  [36m/>[39m
                [36m</li>[39m
              [36m</div>[39m
              [36m<br />[39m
              [36m<div>[39m
                [36m<li>[39m
                  [36m<label[39m
                    [33mclass[39m=[32m"form-label"[39m
                    [33mfor[39m=[32m"reasonForTrip"[39m
                  [36m>[39m
                    [0mWhat is the purpose of your travel?[0m
                  [36m</label>[39m
                  [36m<input[39m
                    [33mclass[39m=[32m"form-control"[39m
                    [33mid[39m=[32m"reasonForTrip"[39m
                    [33mvalue[39m=[32m""[39m
                  [36m/>[39m
                [36m</li>[39m
              [36m</div>[39m
              [36m<br />[39m
              [36m<div>[39m
                [36m<li>[39m
                  [36m<label[39m
                    [33mclass[39m=[32m"form-label"[39m
                    [33mfor[39m=[32m"stateReligiousBeliefs"[39m
                  [36m>[39m
                    [0mIs there anything you would like to share about your religious beliefs?[0m
                  [36m</label>[39m
                  [36m<input[39m
                    [33mclass[39m=[32m"form-control"[39m
                    [33mid[39m=[32m"stateReligiousBeliefs"[39m
                    [33mvalue[39m=[32m""[39m
                  [36m/>[39m
                [36m</li>[39m
              [36m</div>[39m
              [36m<br />[39m
              [36m<div>[39m
                [36m<li>[39m
                  [36m<label[39m
                    [33mclass[39m=[32m"form-label"[39m
                    [33mfor[39m=[32m"numberTravellingWith"[39m
                  [36m>[39m
                    [0mAre you traveling with anyone? If so, what type of group are you traveling with? (ie. family, friends, school)[0m
                  [36m</label>[39m
                  [36m<input[39m
                    [33mclass[39m=[32m"form-control"[39m
                    [33mid[39m=[32m"numberTravellingWith"[39m
                    [33mvalue[39m=[32m""[39m
                  [36m/>[39m
                [36m</li>[39m
              [36m</div>[39m
              [36m<br />[39m
              [36m<div>[39m
                [36m<li>[39m
                  [36m<label[39m
                    [33mclass[39m=[32m"form-label"[39m
                    [33mfor[39m=[32m"howLongStaying"[39m
                  [36m>[39m
                    [0mHow long are you planning to stay?[0m
                  [36m</label>[39m
                  [36m<input[39m
                    [33mclass[39m=[32m"form-control"[39m
                    [33mid[39m=[32m"howLongStaying"[39m
                    [33mvalue[39m=[32m""[39m
                  [36m/>[39m
                [36m</li>[39m
              [36m</div>[39m
              [36m<br />[39m
              [36m<div>[39m
                [36m<li>[39m
                  [36m<label[39m
                    [33mclass[39m=[32m"form-label"[39m
                    [33mfor[39m=[32m"budgetForTrip"[39m
                  [36m>[39m
                    [0mWhat is your budget for this trip?[0m
                  [36m</label>[39m
                  [36m<input[39m
                    [33mclass[39m=[32m"form-control"[39m
                    [33mid[39m=[32m"budgetForTrip"[39m
                    [33mtype[39m=[32m"number"[39m
                    [33mvalue[39m=[32m""[39m
                  [36m/>[39m
                [36m</li>[39m
              [36m</div>[39m
              [36m<br />[39m
              [36m<div>[39m
                [36m<li>[39m
                  [36m<label[39m
                    [33mclass[39m=[32m"form-label"[39m
                    [33mfor[39m=[32m"needs"[39m
                  [36m>[39m
                    [0mDo you have any specific needs? (ie. food, phone, money, lodging, job, language resources)[0m
                  [36m</label>[39m
                  [36m<input[39m
                    [33mclass[39m=[32m"form-control"[39m
                    [33mid[39m=[32m"needs"[39m
                    [33mvalue[39m=[32m""[39m
                  [36m/>[39m
                [36m</li>[39m
              [36m</div>[39m
              [36m<br />[39m
              [36m<div>[39m
                [36m<li>[39m
                  [36m<label[39m
                    [33mclass[39m=[32m"form-label"[39m
                    [33mfor[39m=[32m"specificLocationPreferences"[39m
                  [36m>[39m
                    [0mIf you are travelling for fun, do you have any specific places or activities of interest?[0m
                  [36m</label>[39m
                  [36m<input[39m
                    [33mclass[39m=[32m"form-control"[39m
                    [33mid[39m=[32m"specificLocationPreferences"[39m
                    [33mvalue[39m=[32m""[39m
                  [36m/>[39m
                [36m</li>[39m
              [36m</div>[39m
              [36m<br />[39m
              [36m<div>[39m
                [36m<li>[39m
                  [36m<label[39m
                    [33mclass[39m=[32m"form-label"[39m
                    [33mfor[39m=[32m"hasDietaryRestrictions"[39m
                  [36m>[39m
                    [0mIs there anything specific you hope to learn or discover while on your trip?[0m
                  [36m</label>[39m
                  [36m<span>[39m
                    [36m<input[39m
                      [33mclass[39m=[32m"form-control"[39m
                      [33mid[39m=[32m"hasDietaryRestrictions"[39m
                      [33mvalue[39m=[32m""[39m
                    [36m/>[39m
                  [36m</span>[39m
                [36m</li>[39m
              [36m</div>[39m
            [36m</ol>[39m
            [36m<div>[39m
              [36m<h2>[39m
                [0mYour Advice[0m
              [36m</h2>[39m
              [36m<div>[39m
                [36m<div[39m
                  [33mstyle[39m=[32m"display: flex;"[39m
                [36m>[39m
                  [36m<button[39m
                    [33mstyle[39m=[32m"margin-left: 20px;"[39m
                  [36m>[39m
                    [0mGENERATE RESPONSE[0m
                  [36m</button>[39m
                [36m</div>[39m
                [36m<div[39m
                  [33mstyle[39m=[32m"margin: 30px 0px;"[39m
                [36m>[39m
                  [36m<pre>[39m
                    [36m<p />[39m
                  [36m</pre>[39m
                [36m</div>[39m
              [36m</div>[39m
            [36m</div>[39m
          [36m</div>[39m
        [36m</div>[39m
      [36m</div>[39m
    [36m</body>[39m

       5 | test('renders learn react link', () => {
       6 |   render(<App />);
    >  7 |   const linkElement = screen.getByText(/learn react/i);
         |                              ^
       8 |   expect(linkElement).toBeInTheDocument();
       9 | });
      10 |

      at Object.getElementError (node_modules/@testing-library/react/node_modules/@testing-library/dom/dist/config.js:37:19)
      at node_modules/@testing-library/react/node_modules/@testing-library/dom/dist/query-helpers.js:76:38
      at node_modules/@testing-library/react/node_modules/@testing-library/dom/dist/query-helpers.js:52:17
      at getByText (node_modules/@testing-library/react/node_modules/@testing-library/dom/dist/query-helpers.js:95:19)
      at Object.<anonymous> (src/App.test.tsx:7:30)
      at TestScheduler.scheduleTests (node_modules/@jest/core/build/TestScheduler.js:333:13)
      at runJest (node_modules/@jest/core/build/runJest.js:404:19)
      at _run10000 (node_modules/@jest/core/build/cli/index.js:320:7)
      at runCLI (node_modules/@jest/core/build/cli/index.js:173:3)

-----------------------|---------|----------|---------|---------|-------------------
File                   | % Stmts | % Branch | % Funcs | % Lines | Uncovered Line #s 
-----------------------|---------|----------|---------|---------|-------------------
All files              |   34.61 |       25 |   10.52 |   34.61 |                   
 src                   |    8.33 |        0 |   33.33 |    8.33 |                   
  App.tsx              |     100 |      100 |     100 |     100 |                   
  index.tsx            |       0 |      100 |     100 |       0 | 7-19              
  reportWebVitals.ts   |       0 |        0 |       0 |       0 | 3-10              
 src/form-components   |    42.5 |       50 |    6.25 |    42.5 |                   
  FirstQuestionSet.tsx |    42.5 |       50 |    6.25 |    42.5 | 26-51,60,74-198   
-----------------------|---------|----------|---------|---------|-------------------
Test Suites: 1 failed, 1 total
Tests:       1 failed, 1 total
Snapshots:   0 total
Time:        2.879 s
Ran all test suites.
[0;33mOne of your dependencies, babel-preset-react-app, is importing the
"@babel/plugin-proposal-private-property-in-object" package without
declaring it in its dependencies. This is currently working because
"@babel/plugin-proposal-private-property-in-object" is already in your
node_modules folder for unrelated reasons, but it [1mmay break at any time[0;33m.

babel-preset-react-app is part of the create-react-app project, [1mwhich
is not maintianed anymore[0;33m. It is thus unlikely that this bug will
ever be fixed. Add "@babel/plugin-proposal-private-property-in-object" to
your devDependencies to work around this error. This will make this message
go away.[0m
  
